Analysis & Synthesis report for SN_PROGRAM_V02
Fri May 16 11:02:32 2014
Quartus II 64-Bit Version 12.1 Build 177 11/07/2012 SJ Full Version


---------------------
; Table of Contents ;
---------------------
  1. Legal Notice
  2. Analysis & Synthesis Summary
  3. Analysis & Synthesis Settings
  4. Parallel Compilation
  5. Analysis & Synthesis Source Files Read
  6. Analysis & Synthesis Resource Usage Summary
  7. Analysis & Synthesis Resource Utilization by Entity
  8. State Machine - |SN_PROGRAM_V02|SN_program_v01:inst7|f_state
  9. State Machine - |SN_PROGRAM_V02|SN_program_v01:inst7|r_state
 10. Registers Removed During Synthesis
 11. Removed Registers Triggering Further Register Optimizations
 12. General Register Statistics
 13. Inverted Register Statistics
 14. Multiplexer Restructuring Statistics (Restructuring Performed)
 15. Elapsed Time Per Partition
 16. Analysis & Synthesis Messages



----------------
; Legal Notice ;
----------------
Copyright (C) 1991-2012 Altera Corporation
Your use of Altera Corporation's design tools, logic functions 
and other software and tools, and its AMPP partner logic 
functions, and any output files from any of the foregoing 
(including device programming or simulation files), and any 
associated documentation or information are expressly subject 
to the terms and conditions of the Altera Program License 
Subscription Agreement, Altera MegaCore Function License 
Agreement, or other applicable license agreement, including, 
without limitation, that your use is for the sole purpose of 
programming logic devices manufactured by Altera and sold by 
Altera or its authorized distributors.  Please refer to the 
applicable agreement for further details.



+--------------------------------------------------------------------------------+
; Analysis & Synthesis Summary                                                   ;
+------------------------------------+-------------------------------------------+
; Analysis & Synthesis Status        ; Successful - Fri May 16 11:02:32 2014     ;
; Quartus II 64-Bit Version          ; 12.1 Build 177 11/07/2012 SJ Full Version ;
; Revision Name                      ; SN_PROGRAM_V02                            ;
; Top-level Entity Name              ; SN_PROGRAM_V02                            ;
; Family                             ; Cyclone II                                ;
; Total logic elements               ; 154                                       ;
;     Total combinational functions  ; 142                                       ;
;     Dedicated logic registers      ; 89                                        ;
; Total registers                    ; 89                                        ;
; Total pins                         ; 41                                        ;
; Total virtual pins                 ; 0                                         ;
; Total memory bits                  ; 0                                         ;
; Embedded Multiplier 9-bit elements ; 0                                         ;
; Total PLLs                         ; 0                                         ;
+------------------------------------+-------------------------------------------+


+----------------------------------------------------------------------------------------------------------------------+
; Analysis & Synthesis Settings                                                                                        ;
+----------------------------------------------------------------------------+--------------------+--------------------+
; Option                                                                     ; Setting            ; Default Value      ;
+----------------------------------------------------------------------------+--------------------+--------------------+
; Device                                                                     ; EP2C35F672C6       ;                    ;
; Top-level entity name                                                      ; SN_PROGRAM_V02     ; SN_PROGRAM_V02     ;
; Family name                                                                ; Cyclone II         ; Cyclone IV GX      ;
; Use smart compilation                                                      ; Off                ; Off                ;
; Enable parallel Assembler and TimeQuest Timing Analyzer during compilation ; On                 ; On                 ;
; Enable compact report table                                                ; Off                ; Off                ;
; Restructure Multiplexers                                                   ; Auto               ; Auto               ;
; Create Debugging Nodes for IP Cores                                        ; Off                ; Off                ;
; Preserve fewer node names                                                  ; On                 ; On                 ;
; Disable OpenCore Plus hardware evaluation                                  ; Off                ; Off                ;
; Verilog Version                                                            ; Verilog_2001       ; Verilog_2001       ;
; VHDL Version                                                               ; VHDL_1993          ; VHDL_1993          ;
; State Machine Processing                                                   ; Auto               ; Auto               ;
; Safe State Machine                                                         ; Off                ; Off                ;
; Extract Verilog State Machines                                             ; On                 ; On                 ;
; Extract VHDL State Machines                                                ; On                 ; On                 ;
; Ignore Verilog initial constructs                                          ; Off                ; Off                ;
; Iteration limit for constant Verilog loops                                 ; 5000               ; 5000               ;
; Iteration limit for non-constant Verilog loops                             ; 250                ; 250                ;
; Add Pass-Through Logic to Inferred RAMs                                    ; On                 ; On                 ;
; Infer RAMs from Raw Logic                                                  ; On                 ; On                 ;
; Parallel Synthesis                                                         ; On                 ; On                 ;
; DSP Block Balancing                                                        ; Auto               ; Auto               ;
; NOT Gate Push-Back                                                         ; On                 ; On                 ;
; Power-Up Don't Care                                                        ; On                 ; On                 ;
; Remove Redundant Logic Cells                                               ; Off                ; Off                ;
; Remove Duplicate Registers                                                 ; On                 ; On                 ;
; Ignore CARRY Buffers                                                       ; Off                ; Off                ;
; Ignore CASCADE Buffers                                                     ; Off                ; Off                ;
; Ignore GLOBAL Buffers                                                      ; Off                ; Off                ;
; Ignore ROW GLOBAL Buffers                                                  ; Off                ; Off                ;
; Ignore LCELL Buffers                                                       ; Off                ; Off                ;
; Ignore SOFT Buffers                                                        ; On                 ; On                 ;
; Limit AHDL Integers to 32 Bits                                             ; Off                ; Off                ;
; Optimization Technique                                                     ; Balanced           ; Balanced           ;
; Carry Chain Length                                                         ; 70                 ; 70                 ;
; Auto Carry Chains                                                          ; On                 ; On                 ;
; Auto Open-Drain Pins                                                       ; On                 ; On                 ;
; Perform WYSIWYG Primitive Resynthesis                                      ; Off                ; Off                ;
; Auto ROM Replacement                                                       ; On                 ; On                 ;
; Auto RAM Replacement                                                       ; On                 ; On                 ;
; Auto Shift Register Replacement                                            ; Auto               ; Auto               ;
; Allow Shift Register Merging across Hierarchies                            ; Auto               ; Auto               ;
; Auto Clock Enable Replacement                                              ; On                 ; On                 ;
; Strict RAM Replacement                                                     ; Off                ; Off                ;
; Allow Synchronous Control Signals                                          ; On                 ; On                 ;
; Force Use of Synchronous Clear Signals                                     ; Off                ; Off                ;
; Auto RAM to Logic Cell Conversion                                          ; Off                ; Off                ;
; Auto Resource Sharing                                                      ; Off                ; Off                ;
; Allow Any RAM Size For Recognition                                         ; Off                ; Off                ;
; Allow Any ROM Size For Recognition                                         ; Off                ; Off                ;
; Allow Any Shift Register Size For Recognition                              ; Off                ; Off                ;
; Use LogicLock Constraints during Resource Balancing                        ; On                 ; On                 ;
; Ignore translate_off and synthesis_off directives                          ; Off                ; Off                ;
; Timing-Driven Synthesis                                                    ; Off                ; Off                ;
; Report Parameter Settings                                                  ; On                 ; On                 ;
; Report Source Assignments                                                  ; On                 ; On                 ;
; Report Connectivity Checks                                                 ; On                 ; On                 ;
; Ignore Maximum Fan-Out Assignments                                         ; Off                ; Off                ;
; Synchronization Register Chain Length                                      ; 2                  ; 2                  ;
; PowerPlay Power Optimization                                               ; Normal compilation ; Normal compilation ;
; HDL message level                                                          ; Level2             ; Level2             ;
; Suppress Register Optimization Related Messages                            ; Off                ; Off                ;
; Number of Removed Registers Reported in Synthesis Report                   ; 5000               ; 5000               ;
; Number of Swept Nodes Reported in Synthesis Report                         ; 5000               ; 5000               ;
; Number of Inverted Registers Reported in Synthesis Report                  ; 100                ; 100                ;
; Clock MUX Protection                                                       ; On                 ; On                 ;
; Auto Gated Clock Conversion                                                ; Off                ; Off                ;
; Block Design Naming                                                        ; Auto               ; Auto               ;
; SDC constraint protection                                                  ; Off                ; Off                ;
; Synthesis Effort                                                           ; Auto               ; Auto               ;
; Shift Register Replacement - Allow Asynchronous Clear Signal               ; On                 ; On                 ;
; Pre-Mapping Resynthesis Optimization                                       ; Off                ; Off                ;
; Analysis & Synthesis Message Level                                         ; Medium             ; Medium             ;
; Disable Register Merging Across Hierarchies                                ; Auto               ; Auto               ;
; Resource Aware Inference For Block RAM                                     ; On                 ; On                 ;
; Synthesis Seed                                                             ; 1                  ; 1                  ;
+----------------------------------------------------------------------------+--------------------+--------------------+


+------------------------------------------+
; Parallel Compilation                     ;
+----------------------------+-------------+
; Processors                 ; Number      ;
+----------------------------+-------------+
; Number detected on machine ; 4           ;
; Maximum allowed            ; 2           ;
;                            ;             ;
; Average used               ; 1.00        ;
; Maximum used               ; 1           ;
;                            ;             ;
; Usage by Processor         ; % Time Used ;
;     1 processor            ; 100.0%      ;
;     2-4 processors         ;   0.0%      ;
+----------------------------+-------------+


+-----------------------------------------------------------------------------------------------------------------------------------------------------------------+
; Analysis & Synthesis Source Files Read                                                                                                                          ;
+----------------------------------+-----------------+------------------------------------+-------------------------------------------------------------+---------+
; File Name with User-Entered Path ; Used in Netlist ; File Type                          ; File Name with Absolute Path                                ; Library ;
+----------------------------------+-----------------+------------------------------------+-------------------------------------------------------------+---------+
; SN_program_v01.vhd               ; yes             ; User VHDL File                     ; C:/Bachelor/Code/VHDL/SN_PROGRAM_V02/SN_program_v01.vhd     ;         ;
; Sensor_interfacing.vhd           ; yes             ; User VHDL File                     ; C:/Bachelor/Code/VHDL/SN_PROGRAM_V02/Sensor_interfacing.vhd ;         ;
; SN_PROGRAM_V02.bdf               ; yes             ; User Block Diagram/Schematic File  ; C:/Bachelor/Code/VHDL/SN_PROGRAM_V02/SN_PROGRAM_V02.bdf     ;         ;
; debug.vhd                        ; yes             ; User VHDL File                     ; C:/Bachelor/Code/VHDL/SN_PROGRAM_V02/debug.vhd              ;         ;
+----------------------------------+-----------------+------------------------------------+-------------------------------------------------------------+---------+


+-----------------------------------------------------+
; Analysis & Synthesis Resource Usage Summary         ;
+---------------------------------------------+-------+
; Resource                                    ; Usage ;
+---------------------------------------------+-------+
; Estimated Total logic elements              ; 154   ;
;                                             ;       ;
; Total combinational functions               ; 142   ;
; Logic element usage by number of LUT inputs ;       ;
;     -- 4 input functions                    ; 81    ;
;     -- 3 input functions                    ; 35    ;
;     -- <=2 input functions                  ; 26    ;
;                                             ;       ;
; Logic elements by mode                      ;       ;
;     -- normal mode                          ; 133   ;
;     -- arithmetic mode                      ; 9     ;
;                                             ;       ;
; Total registers                             ; 89    ;
;     -- Dedicated logic registers            ; 89    ;
;     -- I/O registers                        ; 0     ;
;                                             ;       ;
; I/O pins                                    ; 41    ;
; Embedded Multiplier 9-bit elements          ; 0     ;
; Maximum fan-out                             ; 91    ;
; Total fan-out                               ; 694   ;
; Average fan-out                             ; 2.55  ;
+---------------------------------------------+-------+


+-----------------------------------------------------------------------------------------------------------------------------------------------------------------------------------------------------+
; Analysis & Synthesis Resource Utilization by Entity                                                                                                                                                 ;
+-------------------------------+-------------------+--------------+-------------+--------------+---------+-----------+------+--------------+------------------------------------------+--------------+
; Compilation Hierarchy Node    ; LC Combinationals ; LC Registers ; Memory Bits ; DSP Elements ; DSP 9x9 ; DSP 18x18 ; Pins ; Virtual Pins ; Full Hierarchy Name                      ; Library Name ;
+-------------------------------+-------------------+--------------+-------------+--------------+---------+-----------+------+--------------+------------------------------------------+--------------+
; |SN_PROGRAM_V02               ; 142 (0)           ; 89 (0)       ; 0           ; 0            ; 0       ; 0         ; 41   ; 0            ; |SN_PROGRAM_V02                          ;              ;
;    |SN_program_v01:inst7|     ; 98 (98)           ; 70 (70)      ; 0           ; 0            ; 0       ; 0         ; 0    ; 0            ; |SN_PROGRAM_V02|SN_program_v01:inst7     ;              ;
;    |Sensor_interfacing:inst1| ; 44 (44)           ; 19 (19)      ; 0           ; 0            ; 0       ; 0         ; 0    ; 0            ; |SN_PROGRAM_V02|Sensor_interfacing:inst1 ;              ;
+-------------------------------+-------------------+--------------+-------------+--------------+---------+-----------+------+--------------+------------------------------------------+--------------+
Note: For table entries with two numbers listed, the numbers in parentheses indicate the number of resources of the given type used by the specific entity alone. The numbers listed outside of parentheses indicate the total resources of the given type used by the specific entity and all of its sub-entities in the hierarchy.


Encoding Type:  One-Hot
+------------------------------------------------------------------------------------------------+
; State Machine - |SN_PROGRAM_V02|SN_program_v01:inst7|f_state                                   ;
+-------------------------------+-----------------+-------------------------------+--------------+
; Name                          ; f_state.respond ; f_state.manchester_converting ; f_state.idle ;
+-------------------------------+-----------------+-------------------------------+--------------+
; f_state.idle                  ; 0               ; 0                             ; 0            ;
; f_state.manchester_converting ; 0               ; 1                             ; 1            ;
; f_state.respond               ; 1               ; 0                             ; 1            ;
+-------------------------------+-----------------+-------------------------------+--------------+


Encoding Type:  One-Hot
+------------------------------------------------------------------------------------------------+
; State Machine - |SN_PROGRAM_V02|SN_program_v01:inst7|r_state                                   ;
+----------------------------+----------------------------+-----------------------+--------------+
; Name                       ; r_state.check_functioncode ; r_state.check_address ; r_state.idle ;
+----------------------------+----------------------------+-----------------------+--------------+
; r_state.idle               ; 0                          ; 0                     ; 0            ;
; r_state.check_address      ; 0                          ; 1                     ; 1            ;
; r_state.check_functioncode ; 1                          ; 0                     ; 1            ;
+----------------------------+----------------------------+-----------------------+--------------+


+-----------------------------------------------------------------------------------------------------------------------------+
; Registers Removed During Synthesis                                                                                          ;
+----------------------------------------------------------+------------------------------------------------------------------+
; Register name                                            ; Reason for Removal                                               ;
+----------------------------------------------------------+------------------------------------------------------------------+
; SN_program_v01:inst7|\communication:Respond_Data[20]     ; Stuck at VCC due to stuck port data_in                           ;
; SN_program_v01:inst7|\communication:Respond_Data[21..23] ; Stuck at GND due to stuck port data_in                           ;
; SN_program_v01:inst7|\communication:errors[2,3]          ; Merged with SN_program_v01:inst7|\communication:errors[1]        ;
; SN_program_v01:inst7|\communication:Respond_Data[15]     ; Merged with SN_program_v01:inst7|\communication:Respond_Data[14] ;
; Sensor_interfacing:inst1|wait_counter[13..19]            ; Stuck at GND due to stuck port data_in                           ;
; SN_program_v01:inst7|\communication:errors[1]            ; Stuck at GND due to stuck port data_in                           ;
; SN_program_v01:inst7|\communication:Respond_Data[14]     ; Stuck at GND due to stuck port data_in                           ;
; Sensor_interfacing:inst1|wait_counter[9..12]             ; Stuck at GND due to stuck port data_in                           ;
; Total Number of Removed Registers = 20                   ;                                                                  ;
+----------------------------------------------------------+------------------------------------------------------------------+


+----------------------------------------------------------------------------------------------------------------------------------+
; Removed Registers Triggering Further Register Optimizations                                                                      ;
+-----------------------------------------------+---------------------------+------------------------------------------------------+
; Register name                                 ; Reason for Removal        ; Registers Removed due to This Register               ;
+-----------------------------------------------+---------------------------+------------------------------------------------------+
; Sensor_interfacing:inst1|wait_counter[19]     ; Stuck at GND              ; Sensor_interfacing:inst1|wait_counter[15],           ;
;                                               ; due to stuck port data_in ; Sensor_interfacing:inst1|wait_counter[14],           ;
;                                               ;                           ; Sensor_interfacing:inst1|wait_counter[13],           ;
;                                               ;                           ; Sensor_interfacing:inst1|wait_counter[9],            ;
;                                               ;                           ; Sensor_interfacing:inst1|wait_counter[10],           ;
;                                               ;                           ; Sensor_interfacing:inst1|wait_counter[11],           ;
;                                               ;                           ; Sensor_interfacing:inst1|wait_counter[12]            ;
; SN_program_v01:inst7|\communication:errors[1] ; Stuck at GND              ; SN_program_v01:inst7|\communication:Respond_Data[14] ;
;                                               ; due to stuck port data_in ;                                                      ;
+-----------------------------------------------+---------------------------+------------------------------------------------------+


+------------------------------------------------------+
; General Register Statistics                          ;
+----------------------------------------------+-------+
; Statistic                                    ; Value ;
+----------------------------------------------+-------+
; Total registers                              ; 89    ;
; Number of registers using Synchronous Clear  ; 1     ;
; Number of registers using Synchronous Load   ; 0     ;
; Number of registers using Asynchronous Clear ; 0     ;
; Number of registers using Asynchronous Load  ; 0     ;
; Number of registers using Clock Enable       ; 23    ;
; Number of registers using Preset             ; 0     ;
+----------------------------------------------+-------+


+--------------------------------------------------+
; Inverted Register Statistics                     ;
+----------------------------------------+---------+
; Inverted Register                      ; Fan out ;
+----------------------------------------+---------+
; Sensor_interfacing:inst1|first_clock   ; 4       ;
; Total number of inverted registers = 1 ;         ;
+----------------------------------------+---------+


+------------------------------------------------------------------------------------------------------------------------------------------------------------------------------------+
; Multiplexer Restructuring Statistics (Restructuring Performed)                                                                                                                     ;
+--------------------+-----------+---------------+----------------------+------------------------+------------+----------------------------------------------------------------------+
; Multiplexer Inputs ; Bus Width ; Baseline Area ; Area if Restructured ; Saving if Restructured ; Registered ; Example Multiplexer Output                                           ;
+--------------------+-----------+---------------+----------------------+------------------------+------------+----------------------------------------------------------------------+
; 3:1                ; 15 bits   ; 30 LEs        ; 15 LEs               ; 15 LEs                 ; Yes        ; |SN_PROGRAM_V02|SN_program_v01:inst7|\communication:Respond_Data[6]  ;
; 3:1                ; 4 bits    ; 8 LEs         ; 8 LEs                ; 0 LEs                  ; Yes        ; |SN_PROGRAM_V02|SN_program_v01:inst7|\communication:Respond_Data[16] ;
; 5:1                ; 4 bits    ; 12 LEs        ; 8 LEs                ; 4 LEs                  ; Yes        ; |SN_PROGRAM_V02|Sensor_interfacing:inst1|data_counter[0]             ;
; 5:1                ; 2 bits    ; 6 LEs         ; 2 LEs                ; 4 LEs                  ; Yes        ; |SN_PROGRAM_V02|SN_program_v01:inst7|\communication:errors[0]        ;
; 3:1                ; 7 bits    ; 14 LEs        ; 7 LEs                ; 7 LEs                  ; No         ; |SN_PROGRAM_V02|SN_program_v01:inst7|address_counter                 ;
; 3:1                ; 7 bits    ; 14 LEs        ; 7 LEs                ; 7 LEs                  ; No         ; |SN_PROGRAM_V02|SN_program_v01:inst7|functioncode_counter            ;
; 6:1                ; 2 bits    ; 8 LEs         ; 6 LEs                ; 2 LEs                  ; No         ; |SN_PROGRAM_V02|SN_program_v01:inst7|Selector0                       ;
; 7:1                ; 3 bits    ; 12 LEs        ; 12 LEs               ; 0 LEs                  ; No         ; |SN_PROGRAM_V02|SN_program_v01:inst7|Selector5                       ;
+--------------------+-----------+---------------+----------------------+------------------------+------------+----------------------------------------------------------------------+


+-------------------------------+
; Elapsed Time Per Partition    ;
+----------------+--------------+
; Partition Name ; Elapsed Time ;
+----------------+--------------+
; Top            ; 00:00:00     ;
+----------------+--------------+


+-------------------------------+
; Analysis & Synthesis Messages ;
+-------------------------------+
Info: *******************************************************************
Info: Running Quartus II 64-Bit Analysis & Synthesis
    Info: Version 12.1 Build 177 11/07/2012 SJ Full Version
    Info: Processing started: Fri May 16 11:02:29 2014
Info: Command: quartus_map --read_settings_files=on --write_settings_files=off SN_PROGRAM_V02 -c SN_PROGRAM_V02
Info (11104): Parallel Compilation has detected 4 hyper-threaded processors. However, the extra hyper-threaded processors will not be used by default. Parallel Compilation will use 2 of the 2 physical processors detected instead.
Info (12021): Found 2 design units, including 1 entities, in source file sn_program_v01.vhd
    Info (12022): Found design unit 1: SN_program_v01-rtl
    Info (12023): Found entity 1: SN_program_v01
Info (12021): Found 2 design units, including 1 entities, in source file sensor_interfacing.vhd
    Info (12022): Found design unit 1: Sensor_interfacing-rtl
    Info (12023): Found entity 1: Sensor_interfacing
Info (12021): Found 1 design units, including 1 entities, in source file sn_program_v02.bdf
    Info (12023): Found entity 1: SN_PROGRAM_V02
Info (12021): Found 2 design units, including 1 entities, in source file debug.vhd
    Info (12022): Found design unit 1: debug-rtl
    Info (12023): Found entity 1: debug
Info (12021): Found 2 design units, including 1 entities, in source file bcdtosevenseg.vhd
    Info (12022): Found design unit 1: bcdto7seg-withelse
    Info (12023): Found entity 1: bcdto7seg
Info (12021): Found 2 design units, including 1 entities, in source file temptobcd.vhd
    Info (12022): Found design unit 1: convert_to_BCD-rtl
    Info (12023): Found entity 1: convert_to_BCD
Info (12127): Elaborating entity "SN_PROGRAM_V02" for the top level hierarchy
Info (12128): Elaborating entity "SN_program_v01" for hierarchy "SN_program_v01:inst7"
Warning (10541): VHDL Signal Declaration warning at SN_program_v01.vhd(27): used implicit default value for signal "R_DATA_debigging" because signal was never assigned a value or an explicit default value. Use of implicit default value may introduce unintended design optimizations.
Warning (10036): Verilog HDL or VHDL warning at SN_program_v01.vhd(56): object "r_manchester_counter" assigned a value but never read
Warning (10036): Verilog HDL or VHDL warning at SN_program_v01.vhd(57): object "flopped_ADC_DATA" assigned a value but never read
Warning (10541): VHDL Signal Declaration warning at SN_program_v01.vhd(66): used implicit default value for signal "temperature" because signal was never assigned a value or an explicit default value. Use of implicit default value may introduce unintended design optimizations.
Warning (10542): VHDL Variable Declaration warning at SN_program_v01.vhd(87): used initial value expression for variable "start_seq" because variable was never assigned a value
Warning (10542): VHDL Variable Declaration warning at SN_program_v01.vhd(88): used initial value expression for variable "address" because variable was never assigned a value
Warning (10542): VHDL Variable Declaration warning at SN_program_v01.vhd(90): used initial value expression for variable "get_info" because variable was never assigned a value
Warning (10542): VHDL Variable Declaration warning at SN_program_v01.vhd(91): used initial value expression for variable "get_data" because variable was never assigned a value
Info (12128): Elaborating entity "Sensor_interfacing" for hierarchy "Sensor_interfacing:inst1"
Info (12128): Elaborating entity "debug" for hierarchy "debug:inst2"
Warning (13024): Output pins are stuck at VCC or GND
    Warning (13410): Pin "SHDN" is stuck at VCC
    Warning (13410): Pin "SHDN_debug" is stuck at VCC
Info (16010): Generating hard_block partition "hard_block:auto_generated_inst"
    Info (16011): Adding 0 node(s), including 0 DDIO, 0 PLL, 0 transceiver and 0 LCELL
Warning (21074): Design contains 5 input pin(s) that do not drive logic
    Warning (15610): No output dependent on input pin "DOUT"
    Warning (15610): No output dependent on input pin "In_switches[15]"
    Warning (15610): No output dependent on input pin "In_switches[14]"
    Warning (15610): No output dependent on input pin "In_switches[13]"
    Warning (15610): No output dependent on input pin "In_switches[12]"
Info (21057): Implemented 197 device resources after synthesis - the final resource count might be different
    Info (21058): Implemented 21 input pins
    Info (21059): Implemented 20 output pins
    Info (21061): Implemented 156 logic cells
Info: Quartus II 64-Bit Analysis & Synthesis was successful. 0 errors, 17 warnings
    Info: Peak virtual memory: 499 megabytes
    Info: Processing ended: Fri May 16 11:02:32 2014
    Info: Elapsed time: 00:00:03
    Info: Total CPU time (on all processors): 00:00:02


